// Jest Snapshot v1, https://goo.gl/fbAQLP

exports[`renders correctly 1`] = `
<div
  className="container"
>
  <div>
    <form
      onSubmit={[Function]}
    >
      <label>
        <span
          style={
            Object {
              "marginRight": "5px",
            }
          }
        >
          Transaction hash:
        </span>
        <input
          className="custom_input_css"
          onChange={[Function]}
          type="text"
          value=""
        />
      </label>
      <input
        className="custom_button_css"
        style={
          Object {
            "marginLeft": "10px",
          }
        }
        type="submit"
        value="Debug"
      />
    </form>
  </div>
</div>
`;
